
> vocab-learner-mvp@0.1.0 build
> next build

node.exe : тЪа Warning: Next.js inferred your workspace root, but it may not be 
correct.
At C:\Program Files\nodejs\npm.ps1:29 char:3
+   & $NODE_EXE $NPM_CLI_JS $args
+   ~~~~~~~~~~~~~~~~~~~~~~~~~~~~~
    + CategoryInfo          : NotSpecified: (тЪа Warning: Ne...not be correct.:String 
   ) [], RemoteException
    + FullyQualifiedErrorId : NativeCommandError
 
 We detected multiple lockfiles and selected the directory of 
C:\Users\M\package-lock.json as the root directory.
 To silence this warning, set `turbopack.root` in your Next.js config, or consider 
removing one of the lockfiles if it's not needed.
   See https://nextjs.org/docs/app/api-reference/config/next-config-js/turbopack#root-
directory for more information.
 Detected additional lockfiles: 
   * C:\Users\M\Desktop\vocab-learner-mvp\package-lock.json

тЦ▓ Next.js 16.1.6 (Turbopack)
- Environments: .env.local

тЪа The "middleware" file convention is deprecated. Please use "proxy" instead. Learn 
more: https://nextjs.org/docs/messages/middleware-to-proxy
  Creating an optimized production build ...
тЬУ Compiled successfully in 5.7s
  Running TypeScript ...
Failed to compile.

./app/api/teacher/shares/[id]/route.ts:23:55
Type error: Property 'id' does not exist on type 'Promise<{ id: string; }>'.

[0m [90m 21 |[39m
 [90m 22 |[39m         [36mawait[39m dbConnect()[33m;[39m
[31m[1m>[22m[39m[90m 23 |[39m         [36mconst[39m share [33m=[39m 
[36mawait[39m [33mUnitShare[39m[33m.[39mfindById(params[33m.[39mid)[33m;[39m
 [90m    |[39m                                                       
[31m[1m^[22m[39m
 [90m 24 |[39m         [36mif[39m ([33m![39mshare) [36mreturn[39m 
[33mNextResponse[39m[33m.[39mjson({ message[33m:[39m [32m'Share not 
found'[39m }[33m,[39m { status[33m:[39m [35m404[39m })[33m;[39m
 [90m 25 |[39m
 [90m 26 |[39m         [90m// Authorization[39m[0m
Next.js build worker exited with code: 1 and signal: null
